### BUILD (per-question 80) ###
  ...8,000,000 lines
  ...10,000,000 lines
  ...12,000,000 lines
  ...14,000,000 lines
[arc] kept 76029 unique sentences -> C:\Users\juand\Documents\Academic_RAG\brain\arc\data\arc_corpus_subset.jsonl
[arc] questions with zero matched sentences: 0/1172
### INGEST ###
  upserted 75776/76029
  upserted 75840/76029
  upserted 75904/76029
  upserted 75968/76029
  upserted 76029/76029
[arc-ingest] done. 'arc_corpus' now holds 76029 points
### RETRIEVAL EVAL ###
pre tokenize:   0%|          | 0/1 [00:00<?, ?it/s]pre tokenize: 100%|██████████| 1/1 [00:00<00:00, 3440.77it/s]
Inference Embeddings:   0%|          | 0/1 [00:00<?, ?it/s]Inference Embeddings: 100%|██████████| 1/1 [00:00<00:00,  6.73it/s]Inference Embeddings: 100%|██████████| 1/1 [00:00<00:00,  6.72it/s]
  [1172/1172] OK  ARC-Challenge  pred=B gold=B

=== ARC accuracy (retrieval) ===
  overall: 0.9164  (1074/1172)
  ARC-Challenge   : 0.9164
  -> C:\Users\juand\Documents\Academic_RAG\brain\arc\data\arc_eval_retrieval.jsonl
### P80 PIPELINE DONE ###
